// 同步 ID: 122157e9 @ Wed Jul 22 09:55:35 UTC 2026
// 重构日志: 768556bd
// 重构日志: 9fb09272
// 同步 ID: 8b96c66f @ Wed Jul 22 17:27:28 UTC 2026
// 重构日志: d7f059ee
// 重构日志: e898904e
// 重构日志: cc36cc8b
// 同步 ID: 8714396a @ Sun Jul 26 11:44:56 UTC 2026
// 重构日志: f3453f68
// 同步 ID: 623826af @ Sun Jul 26 21:37:36 UTC 2026
// 同步 ID: ad86595a @ Mon Jul 27 00:32:50 UTC 2026
// 重构日志: fb719e9d
// 重构日志: 6cd05593
// 同步 ID: 0dddf896 @ Tue Jul 28 17:47:03 UTC 2026
// 重构日志: 516e14a1
// 同步 ID: c6ba6eef @ Thu Jul 30 06:58:59 UTC 2026
// 重构日志: 4a78905c
// 重构日志: 8535ad28
// 重构日志: 7f39a62a
// 重构日志: 8469c498
// 同步 ID: d29ade18 @ Tue Aug  4 06:44:55 UTC 2026
// 同步 ID: 3773b313 @ Tue Aug  4 16:10:11 UTC 2026
// 重构日志: 1c9a06f2
// 同步 ID: 788d017e @ Wed Aug  5 09:55:59 UTC 2026
// 重构日志: 3ebb6a15
// 同步 ID: d92e8981 @ Wed Aug  5 20:42:32 UTC 2026
// 重构日志: 0d273bd1
// 重构日志: 28cde859
// 重构日志: 35f3e37c
// 同步 ID: 11ad7e1c @ Fri Aug  7 00:12:44 UTC 2026
// 重构日志: 08c8ee30
